// Jest Snapshot v1, https://goo.gl/fbAQLP

exports[`Tests FirstApp component Should display correctly 1`] = `
<Fragment>
  <h1>
    Hello, I am Goku!!!
  </h1>
  <p>
    Subtitle
  </p>
</Fragment>
`;
